// Vitest Snapshot v1, https://vitest.dev/guide/snapshot.html

exports[`taste/v1 = текущие промпты > снимок байтов (sha256) старого поведения 1`] = `
{
  "JUDGE_SYSTEM": "20dd2b903bb94402",
  "MODERATOR_SYSTEM": "0fc2d32ae9f0b59c",
  "judge/medium/friend/system": "20dd2b903bb94402",
  "judge/medium/friend/user": "84bd7789afaa7a07",
  "judge/medium/self/system": "20dd2b903bb94402",
  "judge/medium/self/user": "2bb2e3a467a3d29c",
  "judge/rare/friend/system": "20dd2b903bb94402",
  "judge/rare/friend/user": "95c32fc8e9dcea50",
  "judge/rare/self/system": "20dd2b903bb94402",
  "judge/rare/self/user": "1e5614c229765d1b",
  "judge/well_done/friend/system": "20dd2b903bb94402",
  "judge/well_done/friend/user": "91bd00f90a297476",
  "judge/well_done/self/system": "20dd2b903bb94402",
  "judge/well_done/self/user": "a017695b3d6a3f4e",
  "moderator/medium/friend/system": "0fc2d32ae9f0b59c",
  "moderator/medium/friend/user": "f056184bfb501c85",
  "moderator/medium/self/system": "0fc2d32ae9f0b59c",
  "moderator/medium/self/user": "ed47af1389f4d552",
  "moderator/rare/friend/system": "0fc2d32ae9f0b59c",
  "moderator/rare/friend/user": "4e956762919b5349",
  "moderator/rare/self/system": "0fc2d32ae9f0b59c",
  "moderator/rare/self/user": "31fc16c4aceb00c6",
  "moderator/well_done/friend/system": "0fc2d32ae9f0b59c",
  "moderator/well_done/friend/user": "901bdf080c10df27",
  "moderator/well_done/self/system": "0fc2d32ae9f0b59c",
  "moderator/well_done/self/user": "6286233e5ca51448",
  "versions": "roast/v2|roast/moderator-v2",
  "writer/medium/friend/system": "dfd70c4878166bab",
  "writer/medium/friend/user": "f17fd2cbca7e19df",
  "writer/medium/self/system": "fa3cde38cc380d69",
  "writer/medium/self/user": "f17fd2cbca7e19df",
  "writer/rare/friend/system": "270cfef22d051842",
  "writer/rare/friend/user": "6d230e87342c62ac",
  "writer/rare/self/system": "69bcb3ec2aacec7a",
  "writer/rare/self/user": "6d230e87342c62ac",
  "writer/well_done/friend/system": "dbdc730d67c3aac0",
  "writer/well_done/friend/user": "2385236a13630024",
  "writer/well_done/self/system": "948e073d3951e497",
  "writer/well_done/self/user": "2385236a13630024",
  "writerSystem/medium/friend": "dfd70c4878166bab",
  "writerSystem/medium/self": "fa3cde38cc380d69",
  "writerSystem/rare/friend": "270cfef22d051842",
  "writerSystem/rare/self": "69bcb3ec2aacec7a",
  "writerSystem/well_done/friend": "dbdc730d67c3aac0",
  "writerSystem/well_done/self": "948e073d3951e497",
}
`;
